[38;5;112m[Appium][0m Attempting to load plugin images...
[38;5;112m[Appium][0m Welcome to Appium v3.6.0
[38;5;112m[Appium][0m Non-default server args:
[38;5;112m[Appium][0m { basePath: [32m'/wd/hub'[39m, loglevel: [32m'info'[39m, port: [33m63951[39m, usePlugins: [ [32m'images'[39m ] }
[38;5;112m[Appium][0m Attempting to load driver xcuitest...
[38;5;112m[Appium][0m Attempting to load driver espresso...
[38;5;112m[Appium][0m Attempting to load driver uiautomator2...
[38;5;112m[Appium][0m Appium REST http interface listener started on http://0.0.0.0:63951/wd/hub
[38;5;112m[Appium][0m You can provide the following URLs in your client code to connect to this server:
	http://127.0.0.1:63951/wd/hub (only accessible from the same host)
	http://192.168.12.130:63951/wd/hub
[38;5;112m[Appium][0m Available drivers:
[38;5;112m[Appium][0m   - xcuitest@12.1.1 (automationName 'XCUITest')
[38;5;112m[Appium][0m   - espresso@9.0.5 (automationName 'Espresso')
[38;5;112m[Appium][0m   - uiautomator2@8.2.1 (automationName 'UiAutomator2')
[38;5;112m[Appium][0m Available plugins:
[38;5;112m[Appium][0m   - images@4.2.8 (ACTIVE)
[38;5;112m[Appium][0m   - inspector@2026.7.1
[38;5;86m[HTTP][0m --> GET /wd/hub/status 
[38;5;135m[AppiumDriver@bcd6][0m Plugins which can handle cmd 'getStatus': images
[38;5;135m[AppiumDriver@bcd6][0m Plugin images is now handling cmd 'getStatus'
[38;5;135m[AppiumDriver@bcd6][0m Executing default handling behavior for command 'getStatus'
[38;5;86m[HTTP][0m <-- GET /wd/hub/status 200 8 ms - 110
[38;5;86m[HTTP][0m --> GET /wd/hub/status 
[38;5;135m[AppiumDriver@bcd6][0m Plugins which can handle cmd 'getStatus': images
[38;5;135m[AppiumDriver@bcd6][0m Plugin images is now handling cmd 'getStatus'
[38;5;135m[AppiumDriver@bcd6][0m Executing default handling behavior for command 'getStatus'
[38;5;86m[HTTP][0m <-- GET /wd/hub/status 200 1 ms - 110
[38;5;86m[HTTP][0m --> GET /wd/hub/status 
[38;5;135m[AppiumDriver@bcd6][0m Plugins which can handle cmd 'getStatus': images
[38;5;135m[AppiumDriver@bcd6][0m Plugin images is now handling cmd 'getStatus'
[38;5;135m[AppiumDriver@bcd6][0m Executing default handling behavior for command 'getStatus'
[38;5;86m[HTTP][0m <-- GET /wd/hub/status 200 1 ms - 110
[38;5;86m[HTTP][0m --> POST /wd/hub/session {"capabilities":{"firstMatch":[{"appium:autoGrantPermissions":true,"appium:automationName":"uiautomator2","appium:deviceId":"","appium:deviceName":"SmartPeak P1000 ECR (Android 13)","appium:mjpegServerPort":63964,"appium:newCommandTimeout":1800,"appium:platformVersion":"13","appium:systemPort":8234,"appium:udid":"0000150410PF1021026","platformName":"ANDROID"}]},"desiredCapabilities":{"appium:autoGrantPermissions":true,"appium:automationName":"uiautomator2","appium:deviceId":"","appium:deviceName":"SmartPeak P1000 ECR (Android 13)","appium:mjpegServerPort":63964,"appium:newCommandTimeout":1800,"appium:platformVersion":"13","appium:systemPort":8234,"appium:udid":"0000150410PF1021026","platformName":"ANDROID"}}
[38;5;123m[BaseDriver][0m The following arguments are not known and will be ignored: desiredCapabilities
[38;5;135m[AppiumDriver@bcd6][0m Plugins which can handle cmd 'createSession': images
[38;5;135m[AppiumDriver@bcd6][0m Plugin images is now handling cmd 'createSession'
[38;5;135m[AppiumDriver@bcd6][0m Executing default handling behavior for command 'createSession'
[38;5;112m[Appium][0m Attempting to find matching driver for automationName 'uiautomator2' and platformName 'ANDROID'
[38;5;112m[Appium][0m The 'uiautomator2' driver was installed and matched caps.
[38;5;112m[Appium][0m Will require it at /Users/erciyesanadoluholding/.appium/node_modules/appium-uiautomator2-driver
[38;5;135m[AppiumDriver@bcd6][0m Appium v3.6.0 creating new AndroidUiautomator2Driver (v8.2.1) session
[38;5;135m[AppiumDriver@bcd6][0m Checking BaseDriver versions for Appium and AndroidUiautomator2Driver
[38;5;135m[AppiumDriver@bcd6][0m Appium's BaseDriver version is 10.7.2
[38;5;135m[AppiumDriver@bcd6][0m AndroidUiautomator2Driver's BaseDriver version is 10.7.2
[38;5;-160m[AndroidUiautomator2Driver@bf5f][0m The following provided capabilities were not recognized by this driver:
[38;5;-160m[AndroidUiautomator2Driver@bf5f][0m   deviceId
[38;5;41m[d4b568b6][0m[38;5;-160m[AndroidUiautomator2Driver@bf5f][0m Session created with session id: d4b568b6-6822-49a4-9307-e3d983d82e7e
[38;5;41m[d4b568b6][0m[38;5;229m[ADB][0m Found 1 'build-tools' folders under '/Users/erciyesanadoluholding/.katalon/tools/android_sdk' (newest first):
[38;5;41m[d4b568b6][0m[38;5;229m[ADB][0m     /Users/erciyesanadoluholding/.katalon/tools/android_sdk/build-tools/29.0.3
[38;5;41m[d4b568b6][0m[38;5;229m[ADB][0m Using 'adb' from '/Users/erciyesanadoluholding/.katalon/tools/android_sdk/platform-tools/adb'
[38;5;41m[d4b568b6][0m[38;5;-160m[AndroidUiautomator2Driver@bf5f][0m Retrieving device list
[38;5;41m[d4b568b6][0m[38;5;-160m[AndroidUiautomator2Driver@bf5f][0m Using device: 0000150410PF1021026
[38;5;41m[d4b568b6][0m[38;5;123m[BaseDriver][0m Subscribing bf5f032d-4325-4877-b4b6-18a8b1a270c9 to topic 'uiautomator2:sessionUdidClaimed'
[38;5;41m[d4b568b6][0m[38;5;123m[BaseDriver][0m Subscribing bf5f032d-4325-4877-b4b6-18a8b1a270c9 to topic 'uiautomator2:sessionUdidContended'
[38;5;41m[d4b568b6][0m[38;5;123m[BaseDriver][0m Subscribing bf5f032d-4325-4877-b4b6-18a8b1a270c9 to topic 'uiautomator2:sessionUdidReleased'
[38;5;41m[d4b568b6][0m[38;5;123m[BaseDriver][0m Unsubscribing bf5f032d-4325-4877-b4b6-18a8b1a270c9 from topic 'uiautomator2:sessionUdidContended'
[38;5;41m[d4b568b6][0m[38;5;123m[BaseDriver][0m Unsubscribing bf5f032d-4325-4877-b4b6-18a8b1a270c9 from topic 'uiautomator2:sessionUdidReleased'
[38;5;41m[d4b568b6][0m[38;5;229m[ADB][0m Using 'adb' from '/Users/erciyesanadoluholding/.katalon/tools/android_sdk/platform-tools/adb'
[38;5;41m[d4b568b6][0m[38;5;-160m[AndroidUiautomator2Driver@bf5f][0m Neither 'app' nor 'appPackage' was set. Starting UiAutomator2 without the target application
[38;5;41m[d4b568b6][0m[38;5;229m[ADB][0m Getting device platform version
[38;5;41m[d4b568b6][0m[38;5;-160m[AndroidUiautomator2Driver@bf5f][0m Relaxing hidden api policy
[38;5;41m[d4b568b6][0m[38;5;229m[ADB][0m Using 'aapt2' from '/Users/erciyesanadoluholding/.katalon/tools/android_sdk/build-tools/29.0.3/aapt2'
[38;5;41m[d4b568b6][0m[38;5;-160m[AndroidUiautomator2Driver@bf5f][0m Server packages are not going to be (re)installed
[38;5;41m[d4b568b6][0m[38;5;229m[ADB][0m Adding packages ["io.appium.settings","io.appium.uiautomator2.server","io.appium.uiautomator2.server.test"] to Doze whitelist
[38;5;41m[d4b568b6][0m[38;5;-160m[AndroidUiautomator2Driver@bf5f][0m Starting UIAutomator2 server 10.3.5
[38;5;41m[d4b568b6][0m[38;5;-160m[AndroidUiautomator2Driver@bf5f][0m Using UIAutomator2 server from '/Users/erciyesanadoluholding/.appium/node_modules/appium-uiautomator2-driver/node_modules/appium-uiautomator2-server/apks/appium-uiautomator2-server-v10.3.5.apk' and test from '/Users/erciyesanadoluholding/.appium/node_modules/appium-uiautomator2-driver/node_modules/appium-uiautomator2-server/apks/appium-uiautomator2-server-debug-androidTest.apk'
[38;5;41m[d4b568b6][0m[38;5;-160m[AndroidUiautomator2Driver@bf5f][0m Waiting up to 30000ms for UiAutomator2 to be online...
[38;5;41m[d4b568b6][0m[38;5;-160m[AndroidUiautomator2Driver@bf5f][0m socket hang up
[38;5;41m[d4b568b6][0m[38;5;-160m[AndroidUiautomator2Driver@bf5f][0m socket hang up
[38;5;41m[d4b568b6][0m[38;5;-160m[AndroidUiautomator2Driver@bf5f][0m socket hang up
[38;5;41m[d4b568b6][0m[38;5;-160m[AndroidUiautomator2Driver@bf5f][0m Determined the downstream protocol as 'W3C'
[38;5;41m[d4b568b6][0m[38;5;-160m[AndroidUiautomator2Driver@bf5f][0m Screen already unlocked, doing nothing
[38;5;41m[d4b568b6][0m[38;5;123m[BaseDriver][0m Unsubscribing bf5f032d-4325-4877-b4b6-18a8b1a270c9 from topic 'uiautomator2:sessionUdidClaimed'
[38;5;41m[d4b568b6][0m[38;5;123m[BaseDriver][0m Subscribing bf5f032d-4325-4877-b4b6-18a8b1a270c9 to topic 'uiautomator2:sessionUdidClaimed'
[38;5;41m[d4b568b6][0m[38;5;135m[AppiumDriver@bcd6][0m New AndroidUiautomator2Driver session created successfully, session d4b568b6-6822-49a4-9307-e3d983d82e7e added to master session list
[38;5;41m[d4b568b6][0m[38;5;135m[AppiumDriver@bcd6][0m Promoting 1 sessionless plugins to be attached to session ID d4b568b6-6822-49a4-9307-e3d983d82e7e
[38;5;86m[HTTP][0m <-- POST /wd/hub/session 200 5398 ms - 1071
[38;5;86m[HTTP][0m --> GET /status 
[38;5;86m[HTTP][0m <-- GET /status 404 7 ms - 4099
[38;5;41m[d4b568b6][0m[38;5;86m[HTTP][0m --> POST /wd/hub/session/d4b568b6-6822-49a4-9307-e3d983d82e7e/timeouts {"implicit":60000}
[38;5;41m[d4b568b6][0m[38;5;135m[AppiumDriver@bcd6][0m Plugins which can handle cmd 'timeouts': images
[38;5;41m[d4b568b6][0m[38;5;135m[AppiumDriver@bcd6][0m Plugin images is now handling cmd 'timeouts'
[38;5;41m[d4b568b6][0m[38;5;135m[AppiumDriver@bcd6][0m Executing default handling behavior for command 'timeouts'
[38;5;86m[HTTP][0m <-- POST /wd/hub/session/d4b568b6-6822-49a4-9307-e3d983d82e7e/timeouts 200 2 ms - 14
[38;5;41m[d4b568b6][0m[38;5;86m[HTTP][0m --> POST /wd/hub/session/d4b568b6-6822-49a4-9307-e3d983d82e7e/execute/sync {"script":"mobile: getSystemBars","args":[]}
[38;5;41m[d4b568b6][0m[38;5;135m[AppiumDriver@bcd6][0m Plugins which can handle cmd 'execute': images
[38;5;41m[d4b568b6][0m[38;5;135m[AppiumDriver@bcd6][0m Plugin images is now handling cmd 'execute'
[38;5;41m[d4b568b6][0m[38;5;135m[AppiumDriver@bcd6][0m Executing default handling behavior for command 'execute'
[38;5;86m[HTTP][0m <-- POST /wd/hub/session/d4b568b6-6822-49a4-9307-e3d983d82e7e/execute/sync 200 196 ms - 148
[38;5;41m[d4b568b6][0m[38;5;86m[HTTP][0m --> POST /wd/hub/session/d4b568b6-6822-49a4-9307-e3d983d82e7e/execute/sync {"script":"mobile: activateApp","args":[{"appId":"com.edata.application.bkmtechpos ","bundleId":"com.edata.application.bkmtechpos "}]}
[38;5;41m[d4b568b6][0m[38;5;135m[AppiumDriver@bcd6][0m Plugins which can handle cmd 'execute': images
[38;5;41m[d4b568b6][0m[38;5;135m[AppiumDriver@bcd6][0m Plugin images is now handling cmd 'execute'
[38;5;41m[d4b568b6][0m[38;5;135m[AppiumDriver@bcd6][0m Executing default handling behavior for command 'execute'
[38;5;41m[d4b568b6][0m[38;5;123m[BaseDriver][0m The following arguments are not known and will be ignored: bundleId
[38;5;86m[HTTP][0m <-- POST /wd/hub/session/d4b568b6-6822-49a4-9307-e3d983d82e7e/execute/sync 200 209 ms - 14
[38;5;41m[d4b568b6][0m[38;5;86m[HTTP][0m --> GET /wd/hub/session/d4b568b6-6822-49a4-9307-e3d983d82e7e/source 
[38;5;41m[d4b568b6][0m[38;5;135m[AppiumDriver@bcd6][0m Plugins which can handle cmd 'getPageSource': images
[38;5;41m[d4b568b6][0m[38;5;135m[AppiumDriver@bcd6][0m Plugin images is now handling cmd 'getPageSource'
[38;5;41m[d4b568b6][0m[38;5;135m[AppiumDriver@bcd6][0m Executing default handling behavior for command 'getPageSource'
[38;5;86m[HTTP][0m <-- GET /wd/hub/session/d4b568b6-6822-49a4-9307-e3d983d82e7e/source 200 200 ms - 19216
[38;5;41m[d4b568b6][0m[38;5;86m[HTTP][0m --> GET /wd/hub/session/d4b568b6-6822-49a4-9307-e3d983d82e7e/screenshot 
[38;5;41m[d4b568b6][0m[38;5;135m[AppiumDriver@bcd6][0m Plugins which can handle cmd 'getScreenshot': images
[38;5;41m[d4b568b6][0m[38;5;135m[AppiumDriver@bcd6][0m Plugin images is now handling cmd 'getScreenshot'
[38;5;41m[d4b568b6][0m[38;5;135m[AppiumDriver@bcd6][0m Executing default handling behavior for command 'getScreenshot'
[38;5;86m[HTTP][0m <-- GET /wd/hub/session/d4b568b6-6822-49a4-9307-e3d983d82e7e/screenshot 200 693 ms - 97136
[38;5;41m[d4b568b6][0m[38;5;86m[HTTP][0m --> DELETE /wd/hub/session/d4b568b6-6822-49a4-9307-e3d983d82e7e 
[38;5;41m[d4b568b6][0m[38;5;135m[AppiumDriver@bcd6][0m Plugins which can handle cmd 'deleteSession': images
[38;5;41m[d4b568b6][0m[38;5;135m[AppiumDriver@bcd6][0m Plugin images is now handling cmd 'deleteSession'
[38;5;41m[d4b568b6][0m[38;5;135m[AppiumDriver@bcd6][0m Executing default handling behavior for command 'deleteSession'
[38;5;41m[d4b568b6][0m[38;5;123m[BaseDriver][0m Unsubscribing bf5f032d-4325-4877-b4b6-18a8b1a270c9 from topic 'uiautomator2:sessionUdidClaimed'
[38;5;41m[d4b568b6][0m[38;5;-160m[AndroidUiautomator2Driver@bf5f][0m Restoring hidden api policy to the device default configuration
[38;5;41m[d4b568b6][0m[38;5;135m[AppiumDriver@bcd6][0m Removing session d4b568b6-6822-49a4-9307-e3d983d82e7e from our master session list
[38;5;86m[HTTP][0m <-- DELETE /wd/hub/session/d4b568b6-6822-49a4-9307-e3d983d82e7e 200 904 ms - 14
[38;5;112m[Appium][0m Received SIGTERM - shutting down
[38;5;86m[HTTP][0m Closing Appium HTTP server
[38;5;86m[HTTP][0m Appium HTTP server has been successfully closed after 0ms
